Archive member included to satisfy reference by file (symbol)

/home/fernando/bin/st/stm32cubeide_1.13.1/plugins/com.st.stm32cube.ide.mcu.externaltools.gnu-tools-for-stm32.11.3.rel1.linux64_1.1.0.202305231506/tools/bin/../lib/gcc/arm-none-eabi/11.3.1/../../../../arm-none-eabi/lib/thumb/v7e-m/nofp/libc_nano.a(libc_a-exit.o)
                              /home/fernando/bin/st/stm32cubeide_1.13.1/plugins/com.st.stm32cube.ide.mcu.externaltools.gnu-tools-for-stm32.11.3.rel1.linux64_1.1.0.202305231506/tools/bin/../lib/gcc/arm-none-eabi/11.3.1/../../../../arm-none-eabi/lib/thumb/v7e-m/nofp/crt0.o (exit)
/home/fernando/bin/st/stm32cubeide_1.13.1/plugins/com.st.stm32cube.ide.mcu.externaltools.gnu-tools-for-stm32.11.3.rel1.linux64_1.1.0.202305231506/tools/bin/../lib/gcc/arm-none-eabi/11.3.1/../../../../arm-none-eabi/lib/thumb/v7e-m/nofp/libc_nano.a(libc_a-findfp.o)
                              /home/fernando/bin/st/stm32cubeide_1.13.1/plugins/com.st.stm32cube.ide.mcu.externaltools.gnu-tools-for-stm32.11.3.rel1.linux64_1.1.0.202305231506/tools/bin/../lib/gcc/arm-none-eabi/11.3.1/../../../../arm-none-eabi/lib/thumb/v7e-m/nofp/libc_nano.a(libc_a-exit.o) (__stdio_exit_handler)
/home/fernando/bin/st/stm32cubeide_1.13.1/plugins/com.st.stm32cube.ide.mcu.externaltools.gnu-tools-for-stm32.11.3.rel1.linux64_1.1.0.202305231506/tools/bin/../lib/gcc/arm-none-eabi/11.3.1/../../../../arm-none-eabi/lib/thumb/v7e-m/nofp/libc_nano.a(libc_a-fwalk.o)
                              /home/fernando/bin/st/stm32cubeide_1.13.1/plugins/com.st.stm32cube.ide.mcu.externaltools.gnu-tools-for-stm32.11.3.rel1.linux64_1.1.0.202305231506/tools/bin/../lib/gcc/arm-none-eabi/11.3.1/../../../../arm-none-eabi/lib/thumb/v7e-m/nofp/libc_nano.a(libc_a-findfp.o) (_fwalk_sglue)
/home/fernando/bin/st/stm32cubeide_1.13.1/plugins/com.st.stm32cube.ide.mcu.externaltools.gnu-tools-for-stm32.11.3.rel1.linux64_1.1.0.202305231506/tools/bin/../lib/gcc/arm-none-eabi/11.3.1/../../../../arm-none-eabi/lib/thumb/v7e-m/nofp/libc_nano.a(libc_a-stdio.o)
                              /home/fernando/bin/st/stm32cubeide_1.13.1/plugins/com.st.stm32cube.ide.mcu.externaltools.gnu-tools-for-stm32.11.3.rel1.linux64_1.1.0.202305231506/tools/bin/../lib/gcc/arm-none-eabi/11.3.1/../../../../arm-none-eabi/lib/thumb/v7e-m/nofp/libc_nano.a(libc_a-findfp.o) (__sread)
/home/fernando/bin/st/stm32cubeide_1.13.1/plugins/com.st.stm32cube.ide.mcu.externaltools.gnu-tools-for-stm32.11.3.rel1.linux64_1.1.0.202305231506/tools/bin/../lib/gcc/arm-none-eabi/11.3.1/../../../../arm-none-eabi/lib/thumb/v7e-m/nofp/libc_nano.a(libc_a-memset.o)
                              /home/fernando/bin/st/stm32cubeide_1.13.1/plugins/com.st.stm32cube.ide.mcu.externaltools.gnu-tools-for-stm32.11.3.rel1.linux64_1.1.0.202305231506/tools/bin/../lib/gcc/arm-none-eabi/11.3.1/../../../../arm-none-eabi/lib/thumb/v7e-m/nofp/crt0.o (memset)
/home/fernando/bin/st/stm32cubeide_1.13.1/plugins/com.st.stm32cube.ide.mcu.externaltools.gnu-tools-for-stm32.11.3.rel1.linux64_1.1.0.202305231506/tools/bin/../lib/gcc/arm-none-eabi/11.3.1/../../../../arm-none-eabi/lib/thumb/v7e-m/nofp/libc_nano.a(libc_a-closer.o)
                              /home/fernando/bin/st/stm32cubeide_1.13.1/plugins/com.st.stm32cube.ide.mcu.externaltools.gnu-tools-for-stm32.11.3.rel1.linux64_1.1.0.202305231506/tools/bin/../lib/gcc/arm-none-eabi/11.3.1/../../../../arm-none-eabi/lib/thumb/v7e-m/nofp/libc_nano.a(libc_a-stdio.o) (_close_r)
/home/fernando/bin/st/stm32cubeide_1.13.1/plugins/com.st.stm32cube.ide.mcu.externaltools.gnu-tools-for-stm32.11.3.rel1.linux64_1.1.0.202305231506/tools/bin/../lib/gcc/arm-none-eabi/11.3.1/../../../../arm-none-eabi/lib/thumb/v7e-m/nofp/libc_nano.a(libc_a-reent.o)
                              /home/fernando/bin/st/stm32cubeide_1.13.1/plugins/com.st.stm32cube.ide.mcu.externaltools.gnu-tools-for-stm32.11.3.rel1.linux64_1.1.0.202305231506/tools/bin/../lib/gcc/arm-none-eabi/11.3.1/../../../../arm-none-eabi/lib/thumb/v7e-m/nofp/libc_nano.a(libc_a-closer.o) (errno)
/home/fernando/bin/st/stm32cubeide_1.13.1/plugins/com.st.stm32cube.ide.mcu.externaltools.gnu-tools-for-stm32.11.3.rel1.linux64_1.1.0.202305231506/tools/bin/../lib/gcc/arm-none-eabi/11.3.1/../../../../arm-none-eabi/lib/thumb/v7e-m/nofp/libc_nano.a(libc_a-impure.o)
                              /home/fernando/bin/st/stm32cubeide_1.13.1/plugins/com.st.stm32cube.ide.mcu.externaltools.gnu-tools-for-stm32.11.3.rel1.linux64_1.1.0.202305231506/tools/bin/../lib/gcc/arm-none-eabi/11.3.1/../../../../arm-none-eabi/lib/thumb/v7e-m/nofp/libc_nano.a(libc_a-reent.o) (_impure_ptr)
/home/fernando/bin/st/stm32cubeide_1.13.1/plugins/com.st.stm32cube.ide.mcu.externaltools.gnu-tools-for-stm32.11.3.rel1.linux64_1.1.0.202305231506/tools/bin/../lib/gcc/arm-none-eabi/11.3.1/../../../../arm-none-eabi/lib/thumb/v7e-m/nofp/libc_nano.a(libc_a-lseekr.o)
[...]
Memory Configuration

Name             Origin             Length             Attributes
CCMRAM           0x0000000010000000 0x0000000000010000 xrw
RAM              0x0000000020000000 0x0000000000030000 xrw
FLASH            0x0000000008000000 0x0000000000200000 xr
*default*        0x0000000000000000 0xffffffffffffffff

Linker script and memory map

LOAD /home/fernando/bin/st/stm32cubeide_1.13.1/plugins/com.st.stm32cube.ide.mcu.externaltools.gnu-tools-for-stm32.11.3.rel1.linux64_1.1.0.202305231506/tools/bin/../lib/gcc/arm-none-eabi/11.3.1/thumb/v7e-m/nofp/crti.o
LOAD /home/fernando/bin/st/stm32cubeide_1.13.1/plugins/com.st.stm32cube.ide.mcu.externaltools.gnu-tools-for-stm32.11.3.rel1.linux64_1.1.0.202305231506/tools/bin/../lib/gcc/arm-none-eabi/11.3.1/thumb/v7e-m/nofp/crtbegin.o
LOAD /home/fernando/bin/st/stm32cubeide_1.13.1/plugins/com.st.stm32cube.ide.mcu.externaltools.gnu-tools-for-stm32.11.3.rel1.linux64_1.1.0.202305231506/tools/bin/../lib/gcc/arm-none-eabi/11.3.1/../../../../arm-none-eabi/lib/thumb/v7e-m/nofp/crt0.o
LOAD ./Src/lcd_bsp.o
LOAD ./Src/main.o
LOAD ./Src/syscalls.o
LOAD ./Src/sysmem.o
LOAD ./Startup/startup_stm32f429zitx.o
START GROUP
LOAD /home/fernando/bin/st/stm32cubeide_1.13.1/plugins/com.st.stm32cube.ide.mcu.externaltools.gnu-tools-for-stm32.11.3.rel1.linux64_1.1.0.202305231506/tools/bin/../lib/gcc/arm-none-eabi/11.3.1/../../../../arm-none-eabi/lib/thumb/v7e-m/nofp/libc_nano.a
LOAD /home/fernando/bin/st/stm32cubeide_1.13.1/plugins/com.st.stm32cube.ide.mcu.externaltools.gnu-tools-for-stm32.11.3.rel1.linux64_1.1.0.202305231506/tools/bin/../lib/gcc/arm-none-eabi/11.3.1/../../../../arm-none-eabi/lib/thumb/v7e-m/nofp/libm.a
END GROUP
START GROUP
LOAD /home/fernando/bin/st/stm32cubeide_1.13.1/plugins/com.st.stm32cube.ide.mcu.externaltools.gnu-tools-for-stm32.11.3.rel1.linux64_1.1.0.202305231506/tools/bin/../lib/gcc/arm-none-eabi/11.3.1/thumb/v7e-m/nofp/libgcc.a
LOAD /home/fernando/bin/st/stm32cubeide_1.13.1/plugins/com.st.stm32cube.ide.mcu.externaltools.gnu-tools-for-stm32.11.3.rel1.linux64_1.1.0.202305231506/tools/bin/../lib/gcc/arm-none-eabi/11.3.1/../../../../arm-none-eabi/lib/thumb/v7e-m/nofp/libc_nano.a
END GROUP
START GROUP
LOAD /home/fernando/bin/st/stm32cubeide_1.13.1/plugins/com.st.stm32cube.ide.mcu.externaltools.gnu-tools-for-stm32.11.3.rel1.linux64_1.1.0.202305231506/tools/bin/../lib/gcc/arm-none-eabi/11.3.1/thumb/v7e-m/nofp/libgcc.a
LOAD /home/fernando/bin/st/stm32cubeide_1.13.1/plugins/com.st.stm32cube.ide.mcu.externaltools.gnu-tools-for-stm32.11.3.rel1.linux64_1.1.0.202305231506/tools/bin/../lib/gcc/arm-none-eabi/11.3.1/../../../../arm-none-eabi/lib/thumb/v7e-m/nofp/libc_nano.a
LOAD /home/fernando/bin/st/stm32cubeide_1.13.1/plugins/com.st.stm32cube.ide.mcu.externaltools.gnu-tools-for-stm32.11.3.rel1.linux64_1.1.0.202305231506/tools/bin/../lib/gcc/arm-none-eabi/11.3.1/../../../../arm-none-eabi/lib/thumb/v7e-m/nofp/libnosys.a
END GROUP
START GROUP
LOAD /home/fernando/bin/st/stm32cubeide_1.13.1/plugins/com.st.stm32cube.ide.mcu.externaltools.gnu-tools-for-stm32.11.3.rel1.linux64_1.1.0.202305231506/tools/bin/../lib/gcc/arm-none-eabi/11.3.1/thumb/v7e-m/nofp/libgcc.a
LOAD /home/fernando/bin/st/stm32cubeide_1.13.1/plugins/com.st.stm32cube.ide.mcu.externaltools.gnu-tools-for-stm32.11.3.rel1.linux64_1.1.0.202305231506/tools/bin/../lib/gcc/arm-none-eabi/11.3.1/../../../../arm-none-eabi/lib/thumb/v7e-m/nofp/libc_nano.a
LOAD /home/fernando/bin/st/stm32cubeide_1.13.1/plugins/com.st.stm32cube.ide.mcu.externaltools.gnu-tools-for-stm32.11.3.rel1.linux64_1.1.0.202305231506/tools/bin/../lib/gcc/arm-none-eabi/11.3.1/../../../../arm-none-eabi/lib/thumb/v7e-m/nofp/libnosys.a
END GROUP
LOAD /home/fernando/bin/st/stm32cubeide_1.13.1/plugins/com.st.stm32cube.ide.mcu.externaltools.gnu-tools-for-stm32.11.3.rel1.linux64_1.1.0.202305231506/tools/bin/../lib/gcc/arm-none-eabi/11.3.1/thumb/v7e-m/nofp/crtend.o
LOAD /home/fernando/bin/st/stm32cubeide_1.13.1/plugins/com.st.stm32cube.ide.mcu.externaltools.gnu-tools-for-stm32.11.3.rel1.linux64_1.1.0.202305231506/tools/bin/../lib/gcc/arm-none-eabi/11.3.1/thumb/v7e-m/nofp/crtn.o
                0x0000000020030000                _estack = (ORIGIN (RAM) + LENGTH (RAM))
                0x0000000000000200                _Min_Heap_Size = 0x200
                0x0000000000000400                _Min_Stack_Size = 0x400

.isr_vector     0x0000000008000000      0x1ac
                0x0000000008000000                . = ALIGN (0x4)
 *(.isr_vector)
 .isr_vector    0x0000000008000000      0x1ac ./Startup/startup_stm32f429zitx.o
                0x0000000008000000                g_pfnVectors
                0x00000000080001ac                . = ALIGN (0x4)

.text           0x00000000080001ac      0x5e4
                0x00000000080001ac                . = ALIGN (0x4)
 *(.text)
 .text          0x00000000080001ac       0x40 /home/fernando/bin/st/stm32cubeide_1.13.1/plugins/com.st.stm32cube.ide.mcu.externaltools.gnu-tools-for-stm32.11.3.rel1.linux64_1.1.0.202305231506/tools/bin/../lib/gcc/arm-none-eabi/11.3.1/thumb/v7e-m/nofp/crtbegin.o
 *(.text*)
 .text.initLtdcPins
                0x00000000080001ec      0x1ac ./Src/lcd_bsp.o
                0x00000000080001ec                initLtdcPins
 .text.systemClockSetup
                0x0000000008000398      0x1c8 ./Src/main.o
                0x0000000008000398                systemClockSetup
 .text.ltdcSetup
                0x0000000008000560      0x16c ./Src/main.o
                0x0000000008000560                ltdcSetup
 .text.main     0x00000000080006cc        0xe ./Src/main.o
                0x00000000080006cc                main
 *fill*         0x00000000080006da        0x2 
 .text.Reset_Handler
                0x00000000080006dc       0x50 ./Startup/startup_stm32f429zitx.o
                0x00000000080006dc                Reset_Handler
 .text.Default_Handler
                0x000000000800072c        0x2 ./Startup/startup_stm32f429zitx.o
                0x000000000800072c                RTC_Alarm_IRQHandler
                0x000000000800072c                HASH_RNG_IRQHandler
                0x000000000800072c                EXTI2_IRQHandler
                0x000000000800072c                TIM8_CC_IRQHandler
                0x000000000800072c                DebugMon_Handler
                0x000000000800072c                UART8_IRQHandler
                0x000000000800072c                SPI4_IRQHandler
                0x000000000800072c                TIM1_CC_IRQHandler
                0x000000000800072c                DMA2_Stream5_IRQHandler
                0x000000000800072c                HardFault_Handler
                0x000000000800072c                DMA1_Stream5_IRQHandler
                0x000000000800072c                SysTick_Handler
                0x000000000800072c                PVD_IRQHandler
                0x000000000800072c                SDIO_IRQHandler
                0x000000000800072c                TAMP_STAMP_IRQHandler
                0x000000000800072c                PendSV_Handler
                0x000000000800072c                NMI_Handler
                0x000000000800072c                CAN2_RX1_IRQHandler
                0x000000000800072c                EXTI3_IRQHandler
                0x000000000800072c                TIM8_TRG_COM_TIM14_IRQHandler
                0x000000000800072c                TIM1_UP_TIM10_IRQHandler
                0x000000000800072c                TIM8_UP_TIM13_IRQHandler
                0x000000000800072c                I2C3_ER_IRQHandler
                0x000000000800072c                LCD_TFT_IRQHandler
                0x000000000800072c                EXTI0_IRQHandler
                0x000000000800072c                I2C2_EV_IRQHandler
                0x000000000800072c                DMA1_Stream2_IRQHandler
                0x000000000800072c                CAN1_RX0_IRQHandler
                0x000000000800072c                FPU_IRQHandler
                0x000000000800072c                OTG_HS_WKUP_IRQHandler
                0x000000000800072c                UsageFault_Handler
                0x000000000800072c                CAN2_SCE_IRQHandler
                0x000000000800072c                DMA2_Stream2_IRQHandler
                0x000000000800072c                SPI1_IRQHandler
                0x000000000800072c                TIM6_DAC_IRQHandler
                0x000000000800072c                TIM1_BRK_TIM9_IRQHandler
                0x000000000800072c                DCMI_IRQHandler
                0x000000000800072c                CAN2_RX0_IRQHandler
                0x000000000800072c                DMA2_Stream3_IRQHandler
                0x000000000800072c                USART6_IRQHandler
                0x000000000800072c                USART3_IRQHandler
                0x000000000800072c                CRYP_IRQHandler
                0x000000000800072c                CAN1_RX1_IRQHandler
                0x000000000800072c                UART5_IRQHandler
                0x000000000800072c                DMA2_Stream0_IRQHandler
                0x000000000800072c                TIM4_IRQHandler
                0x000000000800072c                I2C1_EV_IRQHandler
                0x000000000800072c                DMA1_Stream6_IRQHandler
                0x000000000800072c                DMA1_Stream1_IRQHandler
                0x000000000800072c                UART4_IRQHandler
                0x000000000800072c                LCD_TFT_1_IRQHandler
                0x000000000800072c                TIM3_IRQHandler
                0x000000000800072c                RCC_IRQHandler
                0x000000000800072c                TIM8_BRK_TIM12_IRQHandler
                0x000000000800072c                Default_Handler
                0x000000000800072c                EXTI15_10_IRQHandler
                0x000000000800072c                ADC_IRQHandler
                0x000000000800072c                DMA1_Stream7_IRQHandler
                0x000000000800072c                SPI5_IRQHandler
                0x000000000800072c                TIM7_IRQHandler
                0x000000000800072c                CAN2_TX_IRQHandler
                0x000000000800072c                TIM5_IRQHandler
                0x000000000800072c                DMA2_Stream7_IRQHandler
                0x000000000800072c                I2C3_EV_IRQHandler
                0x000000000800072c                EXTI9_5_IRQHandler
                0x000000000800072c                RTC_WKUP_IRQHandler
                0x000000000800072c                ETH_WKUP_IRQHandler
                0x000000000800072c                SPI2_IRQHandler
                0x000000000800072c                OTG_HS_EP1_IN_IRQHandler
                0x000000000800072c                MemManage_Handler
                0x000000000800072c                DMA1_Stream0_IRQHandler
                0x000000000800072c                CAN1_TX_IRQHandler
                0x000000000800072c                SVC_Handler
                0x000000000800072c                EXTI4_IRQHandler
                0x000000000800072c                ETH_IRQHandler
                0x000000000800072c                OTG_HS_EP1_OUT_IRQHandler
                0x000000000800072c                WWDG_IRQHandler
                0x000000000800072c                SPI6_IRQHandler
                0x000000000800072c                TIM2_IRQHandler
                0x000000000800072c                OTG_FS_WKUP_IRQHandler
                0x000000000800072c                TIM1_TRG_COM_TIM11_IRQHandler
                0x000000000800072c                OTG_HS_IRQHandler
                0x000000000800072c                DMA2D_IRQHandler
                0x000000000800072c                EXTI1_IRQHandler
                0x000000000800072c                UART7_IRQHandler
                0x000000000800072c                USART2_IRQHandler
                0x000000000800072c                I2C2_ER_IRQHandler
                0x000000000800072c                DMA2_Stream1_IRQHandler
                0x000000000800072c                CAN1_SCE_IRQHandler
                0x000000000800072c                FLASH_IRQHandler
                0x000000000800072c                DMA2_Stream4_IRQHandler
                0x000000000800072c                BusFault_Handler
                0x000000000800072c                USART1_IRQHandler
                0x000000000800072c                OTG_FS_IRQHandler
                0x000000000800072c                SPI3_IRQHandler
                0x000000000800072c                DMA1_Stream4_IRQHandler
                0x000000000800072c                I2C1_ER_IRQHandler
                0x000000000800072c                FMC_IRQHandler
                0x000000000800072c                DMA2_Stream6_IRQHandler
                0x000000000800072c                SAI1_IRQHandler
                0x000000000800072c                DMA1_Stream3_IRQHandler
 *fill*         0x000000000800072e        0x2 
 .text.__libc_init_array
                0x0000000008000730       0x48 /home/fernando/bin/st/stm32cubeide_1.13.1/plugins/com.st.stm32cube.ide.mcu.externaltools.gnu-tools-for-stm32.11.3.rel1.linux64_1.1.0.202305231506/tools/bin/../lib/gcc/arm-none-eabi/11.3.1/../../../../arm-none-eabi/lib/thumb/v7e-m/nofp/libc_nano.a(libc_a-init.o)
                0x0000000008000730                __libc_init_array
 *(.glue_7)
 .glue_7        0x0000000008000778        0x0 linker stubs
 *(.glue_7t)
 .glue_7t       0x0000000008000778        0x0 linker stubs
 *(.eh_frame)
 .eh_frame      0x0000000008000778        0x0 /home/fernando/bin/st/stm32cubeide_1.13.1/plugins/com.st.stm32cube.ide.mcu.externaltools.gnu-tools-for-stm32.11.3.rel1.linux64_1.1.0.202305231506/tools/bin/../lib/gcc/arm-none-eabi/11.3.1/thumb/v7e-m/nofp/crtbegin.o
 *(.init)
 .init          0x0000000008000778        0x4 /home/fernando/bin/st/stm32cubeide_1.13.1/plugins/com.st.stm32cube.ide.mcu.externaltools.gnu-tools-for-stm32.11.3.rel1.linux64_1.1.0.202305231506/tools/bin/../lib/gcc/arm-none-eabi/11.3.1/thumb/v7e-m/nofp/crti.o
                0x0000000008000778                _init
 .init          0x000000000800077c        0x8 /home/fernando/bin/st/stm32cubeide_1.13.1/plugins/com.st.stm32cube.ide.mcu.externaltools.gnu-tools-for-stm32.11.3.rel1.linux64_1.1.0.202305231506/tools/bin/../lib/gcc/arm-none-eabi/11.3.1/thumb/v7e-m/nofp/crtn.o
 *(.fini)
 .fini          0x0000000008000784        0x4 /home/fernando/bin/st/stm32cubeide_1.13.1/plugins/com.st.stm32cube.ide.mcu.externaltools.gnu-tools-for-stm32.11.3.rel1.linux64_1.1.0.202305231506/tools/bin/../lib/gcc/arm-none-eabi/11.3.1/thumb/v7e-m/nofp/crti.o
                0x0000000008000784                _fini
 .fini          0x0000000008000788        0x8 /home/fernando/bin/st/stm32cubeide_1.13.1/plugins/com.st.stm32cube.ide.mcu.externaltools.gnu-tools-for-stm32.11.3.rel1.linux64_1.1.0.202305231506/tools/bin/../lib/gcc/arm-none-eabi/11.3.1/thumb/v7e-m/nofp/crtn.o
                0x0000000008000790                . = ALIGN (0x4)
                0x0000000008000790                _etext = .

.vfp11_veneer   0x0000000008000790        0x0
 .vfp11_veneer  0x0000000008000790        0x0 linker stubs

.v4_bx          0x0000000008000790        0x0
 .v4_bx         0x0000000008000790        0x0 linker stubs

.iplt           0x0000000008000790        0x0
 .iplt          0x0000000008000790        0x0 /home/fernando/bin/st/stm32cubeide_1.13.1/plugins/com.st.stm32cube.ide.mcu.externaltools.gnu-tools-for-stm32.11.3.rel1.linux64_1.1.0.202305231506/tools/bin/../lib/gcc/arm-none-eabi/11.3.1/thumb/v7e-m/nofp/crtbegin.o

.rodata         0x0000000008000790       0x18
                0x0000000008000790                . = ALIGN (0x4)
 *(.rodata)
 *(.rodata*)
 .rodata.ltdcPins
                0x0000000008000790       0x16 ./Src/lcd_bsp.o
                0x0000000008000790                ltdcPins
                0x00000000080007a8                . = ALIGN (0x4)
 *fill*         0x00000000080007a6        0x2 

.rel.dyn        0x00000000080007a8        0x0
 .rel.iplt      0x00000000080007a8        0x0 /home/fernando/bin/st/stm32cubeide_1.13.1/plugins/com.st.stm32cube.ide.mcu.externaltools.gnu-tools-for-stm32.11.3.rel1.linux64_1.1.0.202305231506/tools/bin/../lib/gcc/arm-none-eabi/11.3.1/thumb/v7e-m/nofp/crtbegin.o

.ARM.extab      0x00000000080007a8        0x0
                0x00000000080007a8                . = ALIGN (0x4)
 *(.ARM.extab* .gnu.linkonce.armextab.*)
                0x00000000080007a8                . = ALIGN (0x4)

.ARM            0x00000000080007a8        0x0
                0x00000000080007a8                . = ALIGN (0x4)
                0x00000000080007a8                __exidx_start = .
 *(.ARM.exidx*)
                0x00000000080007a8                __exidx_end = .
                0x00000000080007a8                . = ALIGN (0x4)

.preinit_array  0x00000000080007a8        0x0
                0x00000000080007a8                . = ALIGN (0x4)
                0x00000000080007a8                PROVIDE (__preinit_array_start = .)
 *(.preinit_array*)
                0x00000000080007a8                PROVIDE (__preinit_array_end = .)
                0x00000000080007a8                . = ALIGN (0x4)

.init_array     0x00000000080007a8        0x4
                0x00000000080007a8                . = ALIGN (0x4)
                0x00000000080007a8                PROVIDE (__init_array_start = .)
 *(SORT_BY_NAME(.init_array.*))
 *(.init_array*)
 .init_array    0x00000000080007a8        0x4 /home/fernando/bin/st/stm32cubeide_1.13.1/plugins/com.st.stm32cube.ide.mcu.externaltools.gnu-tools-for-stm32.11.3.rel1.linux64_1.1.0.202305231506/tools/bin/../lib/gcc/arm-none-eabi/11.3.1/thumb/v7e-m/nofp/crtbegin.o
                0x00000000080007ac                PROVIDE (__init_array_end = .)
                0x00000000080007ac                . = ALIGN (0x4)

.fini_array     0x00000000080007ac        0x4
                0x00000000080007ac                . = ALIGN (0x4)
                [!provide]                        PROVIDE (__fini_array_start = .)
 *(SORT_BY_NAME(.fini_array.*))
 *(.fini_array*)
 .fini_array    0x00000000080007ac        0x4 /home/fernando/bin/st/stm32cubeide_1.13.1/plugins/com.st.stm32cube.ide.mcu.externaltools.gnu-tools-for-stm32.11.3.rel1.linux64_1.1.0.202305231506/tools/bin/../lib/gcc/arm-none-eabi/11.3.1/thumb/v7e-m/nofp/crtbegin.o
                [!provide]                        PROVIDE (__fini_array_end = .)
                0x00000000080007b0                . = ALIGN (0x4)
                0x00000000080007b0                _sidata = LOADADDR (.data)

.data           0x0000000020000000       0x58 load address 0x00000000080007b0
                0x0000000020000000                . = ALIGN (0x4)
                0x0000000020000000                _sdata = .
 *(.data)
 *(.data*)
 .data.ltdcPorts
                0x0000000020000000       0x58 ./Src/lcd_bsp.o
                0x0000000020000000                ltdcPorts
 *(.RamFunc)
 *(.RamFunc*)
                0x0000000020000058                . = ALIGN (0x4)
                0x0000000020000058                _edata = .
                0x0000000008000808                _siccmram = LOADADDR (.ccmram)

.igot.plt       0x0000000020000058        0x0 load address 0x0000000008000808
 .igot.plt      0x0000000020000058        0x0 /home/fernando/bin/st/stm32cubeide_1.13.1/plugins/com.st.stm32cube.ide.mcu.externaltools.gnu-tools-for-stm32.11.3.rel1.linux64_1.1.0.202305231506/tools/bin/../lib/gcc/arm-none-eabi/11.3.1/thumb/v7e-m/nofp/crtbegin.o

.ccmram         0x0000000010000000        0x0 load address 0x0000000008000808
                0x0000000010000000                . = ALIGN (0x4)
                0x0000000010000000                _sccmram = .
 *(.ccmram)
 *(.ccmram*)
                0x0000000010000000                . = ALIGN (0x4)
                0x0000000010000000                _eccmram = .
                0x0000000010000000                . = ALIGN (0x4)

.bss            0x0000000020000058       0x1c
                0x0000000020000058                _sbss = .
                0x0000000020000058                __bss_start__ = _sbss
 *(.bss)
 .bss           0x0000000020000058       0x1c /home/fernando/bin/st/stm32cubeide_1.13.1/plugins/com.st.stm32cube.ide.mcu.externaltools.gnu-tools-for-stm32.11.3.rel1.linux64_1.1.0.202305231506/tools/bin/../lib/gcc/arm-none-eabi/11.3.1/thumb/v7e-m/nofp/crtbegin.o
 *(.bss*)
 *(COMMON)
                0x0000000020000074                . = ALIGN (0x4)
                0x0000000020000074                _ebss = .
                0x0000000020000074                __bss_end__ = _ebss

._user_heap_stack
                0x0000000020000074      0x604
                0x0000000020000078                . = ALIGN (0x8)
 *fill*         0x0000000020000074        0x4 
                [!provide]                        PROVIDE (end = .)
                0x0000000020000078                PROVIDE (_end = .)
                0x0000000020000278                . = (. + _Min_Heap_Size)
 *fill*         0x0000000020000078      0x200 
                0x0000000020000678                . = (. + _Min_Stack_Size)
 *fill*         0x0000000020000278      0x400 
                0x0000000020000678                . = ALIGN (0x8)

/DISCARD/
 libc.a(*)
 libm.a(*)
 libgcc.a(*)

.ARM.attributes
                0x0000000000000000       0x2a
 *(.ARM.attributes)
 .ARM.attributes
                0x0000000000000000       0x1e /home/fernando/bin/st/stm32cubeide_1.13.1/plugins/com.st.stm32cube.ide.mcu.externaltools.gnu-tools-for-stm32.11.3.rel1.linux64_1.1.0.202305231506/tools/bin/../lib/gcc/arm-none-eabi/11.3.1/thumb/v7e-m/nofp/crti.o
 .ARM.attributes
                0x000000000000001e       0x2e /home/fernando/bin/st/stm32cubeide_1.13.1/plugins/com.st.stm32cube.ide.mcu.externaltools.gnu-tools-for-stm32.11.3.rel1.linux64_1.1.0.202305231506/tools/bin/../lib/gcc/arm-none-eabi/11.3.1/thumb/v7e-m/nofp/crtbegin.o
 .ARM.attributes
                0x000000000000004c       0x2e ./Src/lcd_bsp.o
 .ARM.attributes
                0x000000000000007a       0x2e ./Src/main.o
 .ARM.attributes
                0x00000000000000a8       0x21 ./Startup/startup_stm32f429zitx.o
 .ARM.attributes
                0x00000000000000c9       0x2e /home/fernando/bin/st/stm32cubeide_1.13.1/plugins/com.st.stm32cube.ide.mcu.externaltools.gnu-tools-for-stm32.11.3.rel1.linux64_1.1.0.202305231506/tools/bin/../lib/gcc/arm-none-eabi/11.3.1/../../../../arm-none-eabi/lib/thumb/v7e-m/nofp/libc_nano.a(libc_a-init.o)
 .ARM.attributes
                0x00000000000000f7       0x1e /home/fernando/bin/st/stm32cubeide_1.13.1/plugins/com.st.stm32cube.ide.mcu.externaltools.gnu-tools-for-stm32.11.3.rel1.linux64_1.1.0.202305231506/tools/bin/../lib/gcc/arm-none-eabi/11.3.1/thumb/v7e-m/nofp/crtn.o
OUTPUT(registerLevel.elf elf32-littlearm)
LOAD linker stubs
LOAD /home/fernando/bin/st/stm32cubeide_1.13.1/plugins/com.st.stm32cube.ide.mcu.externaltools.gnu-tools-for-stm32.11.3.rel1.linux64_1.1.0.202305231506/tools/bin/../lib/gcc/arm-none-eabi/11.3.1/../../../../arm-none-eabi/lib/thumb/v7e-m/nofp/libc.a
LOAD /home/fernando/bin/st/stm32cubeide_1.13.1/plugins/com.st.stm32cube.ide.mcu.externaltools.gnu-tools-for-stm32.11.3.rel1.linux64_1.1.0.202305231506/tools/bin/../lib/gcc/arm-none-eabi/11.3.1/../../../../arm-none-eabi/lib/thumb/v7e-m/nofp/libm.a
LOAD /home/fernando/bin/st/stm32cubeide_1.13.1/plugins/com.st.stm32cube.ide.mcu.externaltools.gnu-tools-for-stm32.11.3.rel1.linux64_1.1.0.202305231506/tools/bin/../lib/gcc/arm-none-eabi/11.3.1/thumb/v7e-m/nofp/libgcc.a

.comment        0x0000000000000000       0x43
 .comment       0x0000000000000000       0x43 /home/fernando/bin/st/stm32cubeide_1.13.1/plugins/com.st.stm32cube.ide.mcu.externaltools.gnu-tools-for-stm32.11.3.rel1.linux64_1.1.0.202305231506/tools/bin/../lib/gcc/arm-none-eabi/11.3.1/thumb/v7e-m/nofp/crtbegin.o
                                         0x44 (size before relaxing)
 .comment       0x0000000000000043       0x44 ./Src/lcd_bsp.o
 .comment       0x0000000000000043       0x44 ./Src/main.o

.debug_info     0x0000000000000000      0x809
 .debug_info    0x0000000000000000      0x38b ./Src/lcd_bsp.o
 .debug_info    0x000000000000038b      0x45b ./Src/main.o
 .debug_info    0x00000000000007e6       0x23 ./Startup/startup_stm32f429zitx.o

.debug_abbrev   0x0000000000000000      0x238
 .debug_abbrev  0x0000000000000000       0xf6 ./Src/lcd_bsp.o
 .debug_abbrev  0x00000000000000f6      0x130 ./Src/main.o
 .debug_abbrev  0x0000000000000226       0x12 ./Startup/startup_stm32f429zitx.o

.debug_aranges  0x0000000000000000       0x78
 .debug_aranges
                0x0000000000000000       0x20 ./Src/lcd_bsp.o
 .debug_aranges
                0x0000000000000020       0x30 ./Src/main.o
 .debug_aranges
                0x0000000000000050       0x28 ./Startup/startup_stm32f429zitx.o

.debug_rnglists
                0x0000000000000000       0x4e
 .debug_rnglists
                0x0000000000000000       0x14 ./Src/lcd_bsp.o
 .debug_rnglists
                0x0000000000000014       0x21 ./Src/main.o
 .debug_rnglists
                0x0000000000000035       0x19 ./Startup/startup_stm32f429zitx.o

.debug_macro    0x0000000000000000    0x3225d
 .debug_macro   0x0000000000000000      0x1a0 ./Src/lcd_bsp.o
 .debug_macro   0x00000000000001a0      0xaa8 ./Src/lcd_bsp.o
 .debug_macro   0x0000000000000c48       0x4c ./Src/lcd_bsp.o
 .debug_macro   0x0000000000000c94       0x22 ./Src/lcd_bsp.o
 .debug_macro   0x0000000000000cb6       0x8e ./Src/lcd_bsp.o
 .debug_macro   0x0000000000000d44       0x51 ./Src/lcd_bsp.o
 .debug_macro   0x0000000000000d95      0x103 ./Src/lcd_bsp.o
 .debug_macro   0x0000000000000e98       0x6a ./Src/lcd_bsp.o
 .debug_macro   0x0000000000000f02      0x1df ./Src/lcd_bsp.o
 .debug_macro   0x00000000000010e1    0x17fc7 ./Src/lcd_bsp.o
 .debug_macro   0x00000000000190a8      0x19c ./Src/lcd_bsp.o
 .debug_macro   0x0000000000019244       0x61 ./Src/lcd_bsp.o
 .debug_macro   0x00000000000192a5       0x24 ./Src/lcd_bsp.o
 .debug_macro   0x00000000000192c9       0x43 ./Src/lcd_bsp.o
 .debug_macro   0x000000000001930c       0x34 ./Src/lcd_bsp.o
 .debug_macro   0x0000000000019340       0x10 ./Src/lcd_bsp.o
 .debug_macro   0x0000000000019350       0xcf ./Src/lcd_bsp.o
 .debug_macro   0x000000000001941f      0x369 ./Src/lcd_bsp.o
 .debug_macro   0x0000000000019788       0x10 ./Src/lcd_bsp.o
 .debug_macro   0x0000000000019798       0x16 ./Src/lcd_bsp.o
 .debug_macro   0x00000000000197ae       0x20 ./Src/lcd_bsp.o
 .debug_macro   0x00000000000197ce       0x34 ./Src/lcd_bsp.o
 .debug_macro   0x0000000000019802       0x1c ./Src/lcd_bsp.o
 .debug_macro   0x000000000001981e       0x52 ./Src/lcd_bsp.o
 .debug_macro   0x0000000000019870       0x22 ./Src/lcd_bsp.o
 .debug_macro   0x0000000000019892       0x10 ./Src/lcd_bsp.o
 .debug_macro   0x00000000000198a2       0x52 ./Src/lcd_bsp.o
 .debug_macro   0x00000000000198f4       0xcf ./Src/lcd_bsp.o
 .debug_macro   0x00000000000199c3       0x1c ./Src/lcd_bsp.o
 .debug_macro   0x00000000000199df       0x3d ./Src/lcd_bsp.o
 .debug_macro   0x0000000000019a1c       0xbe ./Src/lcd_bsp.o
 .debug_macro   0x0000000000019ada      0x51a ./Src/lcd_bsp.o
 .debug_macro   0x0000000000019ff4       0x3a ./Src/lcd_bsp.o
 .debug_macro   0x000000000001a02e       0x7e ./Src/main.o
 .debug_macro   0x000000000001a0ac    0x1800f ./Src/main.o
 .debug_macro   0x00000000000320bb      0x1a2 ./Src/main.o

.debug_line     0x0000000000000000      0xa81
 .debug_line    0x0000000000000000      0x5a9 ./Src/lcd_bsp.o
 .debug_line    0x00000000000005a9      0x45d ./Src/main.o
 .debug_line    0x0000000000000a06       0x7b ./Startup/startup_stm32f429zitx.o

.debug_str      0x0000000000000000    0x8fc88
 .debug_str     0x0000000000000000    0x8fbb6 ./Src/lcd_bsp.o
                                      0x8fda7 (size before relaxing)
 .debug_str     0x000000000008fbb6       0xa3 ./Src/main.o
                                      0x8c807 (size before relaxing)
 .debug_str     0x000000000008fc59       0x2f ./Startup/startup_stm32f429zitx.o
                                         0x82 (size before relaxing)

.debug_frame    0x0000000000000000       0xdc
 .debug_frame   0x0000000000000000       0x38 ./Src/lcd_bsp.o
 .debug_frame   0x0000000000000038       0x78 ./Src/main.o
 .debug_frame   0x00000000000000b0       0x2c /home/fernando/bin/st/stm32cubeide_1.13.1/plugins/com.st.stm32cube.ide.mcu.externaltools.gnu-tools-for-stm32.11.3.rel1.linux64_1.1.0.202305231506/tools/bin/../lib/gcc/arm-none-eabi/11.3.1/../../../../arm-none-eabi/lib/thumb/v7e-m/nofp/libc_nano.a(libc_a-init.o)

.debug_line_str
                0x0000000000000000       0x76
 .debug_line_str
                0x0000000000000000       0x76 ./Startup/startup_stm32f429zitx.o
                                         0x8e (size before relaxing)
