Archive member included to satisfy reference by file (symbol)

/home/fernando/bin/st/stm32cubeide_1.13.1/plugins/com.st.stm32cube.ide.mcu.externaltools.gnu-tools-for-stm32.11.3.rel1.linux64_1.1.0.202305231506/tools/bin/../lib/gcc/arm-none-eabi/11.3.1/../../../../arm-none-eabi/lib/thumb/v7e-m/nofp/libc_nano.a(libc_a-exit.o)
                              /home/fernando/bin/st/stm32cubeide_1.13.1/plugins/com.st.stm32cube.ide.mcu.externaltools.gnu-tools-for-stm32.11.3.rel1.linux64_1.1.0.202305231506/tools/bin/../lib/gcc/arm-none-eabi/11.3.1/../../../../arm-none-eabi/lib/thumb/v7e-m/nofp/crt0.o (exit)
/home/fernando/bin/st/stm32cubeide_1.13.1/plugins/com.st.stm32cube.ide.mcu.externaltools.gnu-tools-for-stm32.11.3.rel1.linux64_1.1.0.202305231506/tools/bin/../lib/gcc/arm-none-eabi/11.3.1/../../../../arm-none-eabi/lib/thumb/v7e-m/nofp/libc_nano.a(libc_a-findfp.o)
                              /home/fernando/bin/st/stm32cubeide_1.13.1/plugins/com.st.stm32cube.ide.mcu.externaltools.gnu-tools-for-stm32.11.3.rel1.linux64_1.1.0.202305231506/tools/bin/../lib/gcc/arm-none-eabi/11.3.1/../../../../arm-none-eabi/lib/thumb/v7e-m/nofp/libc_nano.a(libc_a-exit.o) (__stdio_exit_handler)
/home/fernando/bin/st/stm32cubeide_1.13.1/plugins/com.st.stm32cube.ide.mcu.externaltools.gnu-tools-for-stm32.11.3.rel1.linux64_1.1.0.202305231506/tools/bin/../lib/gcc/arm-none-eabi/11.3.1/../../../../arm-none-eabi/lib/thumb/v7e-m/nofp/libc_nano.a(libc_a-fwalk.o)
                              /home/fernando/bin/st/stm32cubeide_1.13.1/plugins/com.st.stm32cube.ide.mcu.externaltools.gnu-tools-for-stm32.11.3.rel1.linux64_1.1.0.202305231506/tools/bin/../lib/gcc/arm-none-eabi/11.3.1/../../../../arm-none-eabi/lib/thumb/v7e-m/nofp/libc_nano.a(libc_a-findfp.o) (_fwalk_sglue)
/home/fernando/bin/st/stm32cubeide_1.13.1/plugins/com.st.stm32cube.ide.mcu.externaltools.gnu-tools-for-stm32.11.3.rel1.linux64_1.1.0.202305231506/tools/bin/../lib/gcc/arm-none-eabi/11.3.1/../../../../arm-none-eabi/lib/thumb/v7e-m/nofp/libc_nano.a(libc_a-stdio.o)
                              /home/fernando/bin/st/stm32cubeide_1.13.1/plugins/com.st.stm32cube.ide.mcu.externaltools.gnu-tools-for-stm32.11.3.rel1.linux64_1.1.0.202305231506/tools/bin/../lib/gcc/arm-none-eabi/11.3.1/../../../../arm-none-eabi/lib/thumb/v7e-m/nofp/libc_nano.a(libc_a-findfp.o) (__sread)
/home/fernando/bin/st/stm32cubeide_1.13.1/plugins/com.st.stm32cube.ide.mcu.externaltools.gnu-tools-for-stm32.11.3.rel1.linux64_1.1.0.202305231506/tools/bin/../lib/gcc/arm-none-eabi/11.3.1/../../../../arm-none-eabi/lib/thumb/v7e-m/nofp/libc_nano.a(libc_a-memset.o)
                              /home/fernando/bin/st/stm32cubeide_1.13.1/plugins/com.st.stm32cube.ide.mcu.externaltools.gnu-tools-for-stm32.11.3.rel1.linux64_1.1.0.202305231506/tools/bin/../lib/gcc/arm-none-eabi/11.3.1/../../../../arm-none-eabi/lib/thumb/v7e-m/nofp/crt0.o (memset)
/home/fernando/bin/st/stm32cubeide_1.13.1/plugins/com.st.stm32cube.ide.mcu.externaltools.gnu-tools-for-stm32.11.3.rel1.linux64_1.1.0.202305231506/tools/bin/../lib/gcc/arm-none-eabi/11.3.1/../../../../arm-none-eabi/lib/thumb/v7e-m/nofp/libc_nano.a(libc_a-closer.o)
                              /home/fernando/bin/st/stm32cubeide_1.13.1/plugins/com.st.stm32cube.ide.mcu.externaltools.gnu-tools-for-stm32.11.3.rel1.linux64_1.1.0.202305231506/tools/bin/../lib/gcc/arm-none-eabi/11.3.1/../../../../arm-none-eabi/lib/thumb/v7e-m/nofp/libc_nano.a(libc_a-stdio.o) (_close_r)
/home/fernando/bin/st/stm32cubeide_1.13.1/plugins/com.st.stm32cube.ide.mcu.externaltools.gnu-tools-for-stm32.11.3.rel1.linux64_1.1.0.202305231506/tools/bin/../lib/gcc/arm-none-eabi/11.3.1/../../../../arm-none-eabi/lib/thumb/v7e-m/nofp/libc_nano.a(libc_a-reent.o)
                              /home/fernando/bin/st/stm32cubeide_1.13.1/plugins/com.st.stm32cube.ide.mcu.externaltools.gnu-tools-for-stm32.11.3.rel1.linux64_1.1.0.202305231506/tools/bin/../lib/gcc/arm-none-eabi/11.3.1/../../../../arm-none-eabi/lib/thumb/v7e-m/nofp/libc_nano.a(libc_a-closer.o) (errno)
/home/fernando/bin/st/stm32cubeide_1.13.1/plugins/com.st.stm32cube.ide.mcu.externaltools.gnu-tools-for-stm32.11.3.rel1.linux64_1.1.0.202305231506/tools/bin/../lib/gcc/arm-none-eabi/11.3.1/../../../../arm-none-eabi/lib/thumb/v7e-m/nofp/libc_nano.a(libc_a-impure.o)
                              /home/fernando/bin/st/stm32cubeide_1.13.1/plugins/com.st.stm32cube.ide.mcu.externaltools.gnu-tools-for-stm32.11.3.rel1.linux64_1.1.0.202305231506/tools/bin/../lib/gcc/arm-none-eabi/11.3.1/../../../../arm-none-eabi/lib/thumb/v7e-m/nofp/libc_nano.a(libc_a-reent.o) (_impure_ptr)
/home/fernando/bin/st/stm32cubeide_1.13.1/plugins/com.st.stm32cube.ide.mcu.externaltools.gnu-tools-for-stm32.11.3.rel1.linux64_1.1.0.202305231506/tools/bin/../lib/gcc/arm-none-eabi/11.3.1/../../../../arm-none-eabi/lib/thumb/v7e-m/nofp/libc_nano.a(libc_a-lseekr.o)
[...]
Memory Configuration

Name             Origin             Length             Attributes
CCMRAM           0x0000000010000000 0x0000000000010000 xrw
RAM              0x0000000020000000 0x0000000000030000 xrw
FLASH            0x0000000008000000 0x0000000000200000 xr
*default*        0x0000000000000000 0xffffffffffffffff

Linker script and memory map

LOAD /home/fernando/bin/st/stm32cubeide_1.13.1/plugins/com.st.stm32cube.ide.mcu.externaltools.gnu-tools-for-stm32.11.3.rel1.linux64_1.1.0.202305231506/tools/bin/../lib/gcc/arm-none-eabi/11.3.1/thumb/v7e-m/nofp/crti.o
LOAD /home/fernando/bin/st/stm32cubeide_1.13.1/plugins/com.st.stm32cube.ide.mcu.externaltools.gnu-tools-for-stm32.11.3.rel1.linux64_1.1.0.202305231506/tools/bin/../lib/gcc/arm-none-eabi/11.3.1/thumb/v7e-m/nofp/crtbegin.o
LOAD /home/fernando/bin/st/stm32cubeide_1.13.1/plugins/com.st.stm32cube.ide.mcu.externaltools.gnu-tools-for-stm32.11.3.rel1.linux64_1.1.0.202305231506/tools/bin/../lib/gcc/arm-none-eabi/11.3.1/../../../../arm-none-eabi/lib/thumb/v7e-m/nofp/crt0.o
LOAD ./Src/bsp_lcd.o
LOAD ./Src/main.o
LOAD ./Src/syscalls.o
LOAD ./Src/sysmem.o
LOAD ./Startup/startup_stm32f429zitx.o
START GROUP
LOAD /home/fernando/bin/st/stm32cubeide_1.13.1/plugins/com.st.stm32cube.ide.mcu.externaltools.gnu-tools-for-stm32.11.3.rel1.linux64_1.1.0.202305231506/tools/bin/../lib/gcc/arm-none-eabi/11.3.1/../../../../arm-none-eabi/lib/thumb/v7e-m/nofp/libc_nano.a
LOAD /home/fernando/bin/st/stm32cubeide_1.13.1/plugins/com.st.stm32cube.ide.mcu.externaltools.gnu-tools-for-stm32.11.3.rel1.linux64_1.1.0.202305231506/tools/bin/../lib/gcc/arm-none-eabi/11.3.1/../../../../arm-none-eabi/lib/thumb/v7e-m/nofp/libm.a
END GROUP
START GROUP
LOAD /home/fernando/bin/st/stm32cubeide_1.13.1/plugins/com.st.stm32cube.ide.mcu.externaltools.gnu-tools-for-stm32.11.3.rel1.linux64_1.1.0.202305231506/tools/bin/../lib/gcc/arm-none-eabi/11.3.1/thumb/v7e-m/nofp/libgcc.a
LOAD /home/fernando/bin/st/stm32cubeide_1.13.1/plugins/com.st.stm32cube.ide.mcu.externaltools.gnu-tools-for-stm32.11.3.rel1.linux64_1.1.0.202305231506/tools/bin/../lib/gcc/arm-none-eabi/11.3.1/../../../../arm-none-eabi/lib/thumb/v7e-m/nofp/libc_nano.a
END GROUP
START GROUP
LOAD /home/fernando/bin/st/stm32cubeide_1.13.1/plugins/com.st.stm32cube.ide.mcu.externaltools.gnu-tools-for-stm32.11.3.rel1.linux64_1.1.0.202305231506/tools/bin/../lib/gcc/arm-none-eabi/11.3.1/thumb/v7e-m/nofp/libgcc.a
LOAD /home/fernando/bin/st/stm32cubeide_1.13.1/plugins/com.st.stm32cube.ide.mcu.externaltools.gnu-tools-for-stm32.11.3.rel1.linux64_1.1.0.202305231506/tools/bin/../lib/gcc/arm-none-eabi/11.3.1/../../../../arm-none-eabi/lib/thumb/v7e-m/nofp/libc_nano.a
LOAD /home/fernando/bin/st/stm32cubeide_1.13.1/plugins/com.st.stm32cube.ide.mcu.externaltools.gnu-tools-for-stm32.11.3.rel1.linux64_1.1.0.202305231506/tools/bin/../lib/gcc/arm-none-eabi/11.3.1/../../../../arm-none-eabi/lib/thumb/v7e-m/nofp/libnosys.a
END GROUP
START GROUP
LOAD /home/fernando/bin/st/stm32cubeide_1.13.1/plugins/com.st.stm32cube.ide.mcu.externaltools.gnu-tools-for-stm32.11.3.rel1.linux64_1.1.0.202305231506/tools/bin/../lib/gcc/arm-none-eabi/11.3.1/thumb/v7e-m/nofp/libgcc.a
LOAD /home/fernando/bin/st/stm32cubeide_1.13.1/plugins/com.st.stm32cube.ide.mcu.externaltools.gnu-tools-for-stm32.11.3.rel1.linux64_1.1.0.202305231506/tools/bin/../lib/gcc/arm-none-eabi/11.3.1/../../../../arm-none-eabi/lib/thumb/v7e-m/nofp/libc_nano.a
LOAD /home/fernando/bin/st/stm32cubeide_1.13.1/plugins/com.st.stm32cube.ide.mcu.externaltools.gnu-tools-for-stm32.11.3.rel1.linux64_1.1.0.202305231506/tools/bin/../lib/gcc/arm-none-eabi/11.3.1/../../../../arm-none-eabi/lib/thumb/v7e-m/nofp/libnosys.a
END GROUP
LOAD /home/fernando/bin/st/stm32cubeide_1.13.1/plugins/com.st.stm32cube.ide.mcu.externaltools.gnu-tools-for-stm32.11.3.rel1.linux64_1.1.0.202305231506/tools/bin/../lib/gcc/arm-none-eabi/11.3.1/thumb/v7e-m/nofp/crtend.o
LOAD /home/fernando/bin/st/stm32cubeide_1.13.1/plugins/com.st.stm32cube.ide.mcu.externaltools.gnu-tools-for-stm32.11.3.rel1.linux64_1.1.0.202305231506/tools/bin/../lib/gcc/arm-none-eabi/11.3.1/thumb/v7e-m/nofp/crtn.o
                0x0000000020030000                _estack = (ORIGIN (RAM) + LENGTH (RAM))
                0x0000000000000200                _Min_Heap_Size = 0x200
                0x0000000000000400                _Min_Stack_Size = 0x400

.isr_vector     0x0000000008000000      0x1ac
                0x0000000008000000                . = ALIGN (0x4)
 *(.isr_vector)
 .isr_vector    0x0000000008000000      0x1ac ./Startup/startup_stm32f429zitx.o
                0x0000000008000000                g_pfnVectors
                0x00000000080001ac                . = ALIGN (0x4)

.text           0x00000000080001ac      0x8a8
                0x00000000080001ac                . = ALIGN (0x4)
 *(.text)
 .text          0x00000000080001ac       0x40 /home/fernando/bin/st/stm32cubeide_1.13.1/plugins/com.st.stm32cube.ide.mcu.externaltools.gnu-tools-for-stm32.11.3.rel1.linux64_1.1.0.202305231506/tools/bin/../lib/gcc/arm-none-eabi/11.3.1/thumb/v7e-m/nofp/crtbegin.o
 *(.text*)
 .text._initLtdcPins
                0x00000000080001ec      0x1ac ./Src/bsp_lcd.o
 .text._initLtdc
                0x0000000008000398      0x168 ./Src/bsp_lcd.o
 .text._initSpiPins
                0x0000000008000500      0x1e8 ./Src/bsp_lcd.o
 .text._initSpi
                0x00000000080006e8       0xc8 ./Src/bsp_lcd.o
 .text.BSP_initDisplay
                0x00000000080007b0       0x18 ./Src/bsp_lcd.o
                0x00000000080007b0                BSP_initDisplay
 .text.systemClockSetup
                0x00000000080007c8      0x1c8 ./Src/main.o
                0x00000000080007c8                systemClockSetup
 .text.main     0x0000000008000990        0xe ./Src/main.o
                0x0000000008000990                main
 *fill*         0x000000000800099e        0x2 
 .text.Reset_Handler
                0x00000000080009a0       0x50 ./Startup/startup_stm32f429zitx.o
                0x00000000080009a0                Reset_Handler
 .text.Default_Handler
                0x00000000080009f0        0x2 ./Startup/startup_stm32f429zitx.o
                0x00000000080009f0                RTC_Alarm_IRQHandler
                0x00000000080009f0                HASH_RNG_IRQHandler
                0x00000000080009f0                EXTI2_IRQHandler
                0x00000000080009f0                TIM8_CC_IRQHandler
                0x00000000080009f0                DebugMon_Handler
                0x00000000080009f0                UART8_IRQHandler
                0x00000000080009f0                SPI4_IRQHandler
                0x00000000080009f0                TIM1_CC_IRQHandler
                0x00000000080009f0                DMA2_Stream5_IRQHandler
                0x00000000080009f0                HardFault_Handler
                0x00000000080009f0                DMA1_Stream5_IRQHandler
                0x00000000080009f0                SysTick_Handler
                0x00000000080009f0                PVD_IRQHandler
                0x00000000080009f0                SDIO_IRQHandler
                0x00000000080009f0                TAMP_STAMP_IRQHandler
                0x00000000080009f0                PendSV_Handler
                0x00000000080009f0                NMI_Handler
                0x00000000080009f0                CAN2_RX1_IRQHandler
                0x00000000080009f0                EXTI3_IRQHandler
                0x00000000080009f0                TIM8_TRG_COM_TIM14_IRQHandler
                0x00000000080009f0                TIM1_UP_TIM10_IRQHandler
                0x00000000080009f0                TIM8_UP_TIM13_IRQHandler
                0x00000000080009f0                I2C3_ER_IRQHandler
                0x00000000080009f0                LCD_TFT_IRQHandler
                0x00000000080009f0                EXTI0_IRQHandler
                0x00000000080009f0                I2C2_EV_IRQHandler
                0x00000000080009f0                DMA1_Stream2_IRQHandler
                0x00000000080009f0                CAN1_RX0_IRQHandler
                0x00000000080009f0                FPU_IRQHandler
                0x00000000080009f0                OTG_HS_WKUP_IRQHandler
                0x00000000080009f0                UsageFault_Handler
                0x00000000080009f0                CAN2_SCE_IRQHandler
                0x00000000080009f0                DMA2_Stream2_IRQHandler
                0x00000000080009f0                SPI1_IRQHandler
                0x00000000080009f0                TIM6_DAC_IRQHandler
                0x00000000080009f0                TIM1_BRK_TIM9_IRQHandler
                0x00000000080009f0                DCMI_IRQHandler
                0x00000000080009f0                CAN2_RX0_IRQHandler
                0x00000000080009f0                DMA2_Stream3_IRQHandler
                0x00000000080009f0                USART6_IRQHandler
                0x00000000080009f0                USART3_IRQHandler
                0x00000000080009f0                CRYP_IRQHandler
                0x00000000080009f0                CAN1_RX1_IRQHandler
                0x00000000080009f0                UART5_IRQHandler
                0x00000000080009f0                DMA2_Stream0_IRQHandler
                0x00000000080009f0                TIM4_IRQHandler
                0x00000000080009f0                I2C1_EV_IRQHandler
                0x00000000080009f0                DMA1_Stream6_IRQHandler
                0x00000000080009f0                DMA1_Stream1_IRQHandler
                0x00000000080009f0                UART4_IRQHandler
                0x00000000080009f0                LCD_TFT_1_IRQHandler
                0x00000000080009f0                TIM3_IRQHandler
                0x00000000080009f0                RCC_IRQHandler
                0x00000000080009f0                TIM8_BRK_TIM12_IRQHandler
                0x00000000080009f0                Default_Handler
                0x00000000080009f0                EXTI15_10_IRQHandler
                0x00000000080009f0                ADC_IRQHandler
                0x00000000080009f0                DMA1_Stream7_IRQHandler
                0x00000000080009f0                SPI5_IRQHandler
                0x00000000080009f0                TIM7_IRQHandler
                0x00000000080009f0                CAN2_TX_IRQHandler
                0x00000000080009f0                TIM5_IRQHandler
                0x00000000080009f0                DMA2_Stream7_IRQHandler
                0x00000000080009f0                I2C3_EV_IRQHandler
                0x00000000080009f0                EXTI9_5_IRQHandler
                0x00000000080009f0                RTC_WKUP_IRQHandler
                0x00000000080009f0                ETH_WKUP_IRQHandler
                0x00000000080009f0                SPI2_IRQHandler
                0x00000000080009f0                OTG_HS_EP1_IN_IRQHandler
                0x00000000080009f0                MemManage_Handler
                0x00000000080009f0                DMA1_Stream0_IRQHandler
                0x00000000080009f0                CAN1_TX_IRQHandler
                0x00000000080009f0                SVC_Handler
                0x00000000080009f0                EXTI4_IRQHandler
                0x00000000080009f0                ETH_IRQHandler
                0x00000000080009f0                OTG_HS_EP1_OUT_IRQHandler
                0x00000000080009f0                WWDG_IRQHandler
                0x00000000080009f0                SPI6_IRQHandler
                0x00000000080009f0                TIM2_IRQHandler
                0x00000000080009f0                OTG_FS_WKUP_IRQHandler
                0x00000000080009f0                TIM1_TRG_COM_TIM11_IRQHandler
                0x00000000080009f0                OTG_HS_IRQHandler
                0x00000000080009f0                DMA2D_IRQHandler
                0x00000000080009f0                EXTI1_IRQHandler
                0x00000000080009f0                UART7_IRQHandler
                0x00000000080009f0                USART2_IRQHandler
                0x00000000080009f0                I2C2_ER_IRQHandler
                0x00000000080009f0                DMA2_Stream1_IRQHandler
                0x00000000080009f0                CAN1_SCE_IRQHandler
                0x00000000080009f0                FLASH_IRQHandler
                0x00000000080009f0                DMA2_Stream4_IRQHandler
                0x00000000080009f0                BusFault_Handler
                0x00000000080009f0                USART1_IRQHandler
                0x00000000080009f0                OTG_FS_IRQHandler
                0x00000000080009f0                SPI3_IRQHandler
                0x00000000080009f0                DMA1_Stream4_IRQHandler
                0x00000000080009f0                I2C1_ER_IRQHandler
                0x00000000080009f0                FMC_IRQHandler
                0x00000000080009f0                DMA2_Stream6_IRQHandler
                0x00000000080009f0                SAI1_IRQHandler
                0x00000000080009f0                DMA1_Stream3_IRQHandler
 *fill*         0x00000000080009f2        0x2 
 .text.__libc_init_array
                0x00000000080009f4       0x48 /home/fernando/bin/st/stm32cubeide_1.13.1/plugins/com.st.stm32cube.ide.mcu.externaltools.gnu-tools-for-stm32.11.3.rel1.linux64_1.1.0.202305231506/tools/bin/../lib/gcc/arm-none-eabi/11.3.1/../../../../arm-none-eabi/lib/thumb/v7e-m/nofp/libc_nano.a(libc_a-init.o)
                0x00000000080009f4                __libc_init_array
 *(.glue_7)
 .glue_7        0x0000000008000a3c        0x0 linker stubs
 *(.glue_7t)
 .glue_7t       0x0000000008000a3c        0x0 linker stubs
 *(.eh_frame)
 .eh_frame      0x0000000008000a3c        0x0 /home/fernando/bin/st/stm32cubeide_1.13.1/plugins/com.st.stm32cube.ide.mcu.externaltools.gnu-tools-for-stm32.11.3.rel1.linux64_1.1.0.202305231506/tools/bin/../lib/gcc/arm-none-eabi/11.3.1/thumb/v7e-m/nofp/crtbegin.o
 *(.init)
 .init          0x0000000008000a3c        0x4 /home/fernando/bin/st/stm32cubeide_1.13.1/plugins/com.st.stm32cube.ide.mcu.externaltools.gnu-tools-for-stm32.11.3.rel1.linux64_1.1.0.202305231506/tools/bin/../lib/gcc/arm-none-eabi/11.3.1/thumb/v7e-m/nofp/crti.o
                0x0000000008000a3c                _init
 .init          0x0000000008000a40        0x8 /home/fernando/bin/st/stm32cubeide_1.13.1/plugins/com.st.stm32cube.ide.mcu.externaltools.gnu-tools-for-stm32.11.3.rel1.linux64_1.1.0.202305231506/tools/bin/../lib/gcc/arm-none-eabi/11.3.1/thumb/v7e-m/nofp/crtn.o
 *(.fini)
 .fini          0x0000000008000a48        0x4 /home/fernando/bin/st/stm32cubeide_1.13.1/plugins/com.st.stm32cube.ide.mcu.externaltools.gnu-tools-for-stm32.11.3.rel1.linux64_1.1.0.202305231506/tools/bin/../lib/gcc/arm-none-eabi/11.3.1/thumb/v7e-m/nofp/crti.o
                0x0000000008000a48                _fini
 .fini          0x0000000008000a4c        0x8 /home/fernando/bin/st/stm32cubeide_1.13.1/plugins/com.st.stm32cube.ide.mcu.externaltools.gnu-tools-for-stm32.11.3.rel1.linux64_1.1.0.202305231506/tools/bin/../lib/gcc/arm-none-eabi/11.3.1/thumb/v7e-m/nofp/crtn.o
                0x0000000008000a54                . = ALIGN (0x4)
                0x0000000008000a54                _etext = .

.vfp11_veneer   0x0000000008000a54        0x0
 .vfp11_veneer  0x0000000008000a54        0x0 linker stubs

.v4_bx          0x0000000008000a54        0x0
 .v4_bx         0x0000000008000a54        0x0 linker stubs

.iplt           0x0000000008000a54        0x0
 .iplt          0x0000000008000a54        0x0 /home/fernando/bin/st/stm32cubeide_1.13.1/plugins/com.st.stm32cube.ide.mcu.externaltools.gnu-tools-for-stm32.11.3.rel1.linux64_1.1.0.202305231506/tools/bin/../lib/gcc/arm-none-eabi/11.3.1/thumb/v7e-m/nofp/crtbegin.o

.rodata         0x0000000008000a54       0x18
                0x0000000008000a54                . = ALIGN (0x4)
 *(.rodata)
 *(.rodata*)
 .rodata.ltdcPins
                0x0000000008000a54       0x16 ./Src/bsp_lcd.o
                0x0000000008000a54                ltdcPins
                0x0000000008000a6c                . = ALIGN (0x4)
 *fill*         0x0000000008000a6a        0x2 

.rel.dyn        0x0000000008000a6c        0x0
 .rel.iplt      0x0000000008000a6c        0x0 /home/fernando/bin/st/stm32cubeide_1.13.1/plugins/com.st.stm32cube.ide.mcu.externaltools.gnu-tools-for-stm32.11.3.rel1.linux64_1.1.0.202305231506/tools/bin/../lib/gcc/arm-none-eabi/11.3.1/thumb/v7e-m/nofp/crtbegin.o

.ARM.extab      0x0000000008000a6c        0x0
                0x0000000008000a6c                . = ALIGN (0x4)
 *(.ARM.extab* .gnu.linkonce.armextab.*)
                0x0000000008000a6c                . = ALIGN (0x4)

.ARM            0x0000000008000a6c        0x0
                0x0000000008000a6c                . = ALIGN (0x4)
                0x0000000008000a6c                __exidx_start = .
 *(.ARM.exidx*)
                0x0000000008000a6c                __exidx_end = .
                0x0000000008000a6c                . = ALIGN (0x4)

.preinit_array  0x0000000008000a6c        0x0
                0x0000000008000a6c                . = ALIGN (0x4)
                0x0000000008000a6c                PROVIDE (__preinit_array_start = .)
 *(.preinit_array*)
                0x0000000008000a6c                PROVIDE (__preinit_array_end = .)
                0x0000000008000a6c                . = ALIGN (0x4)

.init_array     0x0000000008000a6c        0x4
                0x0000000008000a6c                . = ALIGN (0x4)
                0x0000000008000a6c                PROVIDE (__init_array_start = .)
 *(SORT_BY_NAME(.init_array.*))
 *(.init_array*)
 .init_array    0x0000000008000a6c        0x4 /home/fernando/bin/st/stm32cubeide_1.13.1/plugins/com.st.stm32cube.ide.mcu.externaltools.gnu-tools-for-stm32.11.3.rel1.linux64_1.1.0.202305231506/tools/bin/../lib/gcc/arm-none-eabi/11.3.1/thumb/v7e-m/nofp/crtbegin.o
                0x0000000008000a70                PROVIDE (__init_array_end = .)
                0x0000000008000a70                . = ALIGN (0x4)

.fini_array     0x0000000008000a70        0x4
                0x0000000008000a70                . = ALIGN (0x4)
                [!provide]                        PROVIDE (__fini_array_start = .)
 *(SORT_BY_NAME(.fini_array.*))
 *(.fini_array*)
 .fini_array    0x0000000008000a70        0x4 /home/fernando/bin/st/stm32cubeide_1.13.1/plugins/com.st.stm32cube.ide.mcu.externaltools.gnu-tools-for-stm32.11.3.rel1.linux64_1.1.0.202305231506/tools/bin/../lib/gcc/arm-none-eabi/11.3.1/thumb/v7e-m/nofp/crtbegin.o
                [!provide]                        PROVIDE (__fini_array_end = .)
                0x0000000008000a74                . = ALIGN (0x4)
                0x0000000008000a74                _sidata = LOADADDR (.data)

.data           0x0000000020000000       0x58 load address 0x0000000008000a74
                0x0000000020000000                . = ALIGN (0x4)
                0x0000000020000000                _sdata = .
 *(.data)
 *(.data*)
 .data.ltdcPorts
                0x0000000020000000       0x58 ./Src/bsp_lcd.o
                0x0000000020000000                ltdcPorts
 *(.RamFunc)
 *(.RamFunc*)
                0x0000000020000058                . = ALIGN (0x4)
                0x0000000020000058                _edata = .
                0x0000000008000acc                _siccmram = LOADADDR (.ccmram)

.igot.plt       0x0000000020000058        0x0 load address 0x0000000008000acc
 .igot.plt      0x0000000020000058        0x0 /home/fernando/bin/st/stm32cubeide_1.13.1/plugins/com.st.stm32cube.ide.mcu.externaltools.gnu-tools-for-stm32.11.3.rel1.linux64_1.1.0.202305231506/tools/bin/../lib/gcc/arm-none-eabi/11.3.1/thumb/v7e-m/nofp/crtbegin.o

.ccmram         0x0000000010000000        0x0 load address 0x0000000008000acc
                0x0000000010000000                . = ALIGN (0x4)
                0x0000000010000000                _sccmram = .
 *(.ccmram)
 *(.ccmram*)
                0x0000000010000000                . = ALIGN (0x4)
                0x0000000010000000                _eccmram = .
                0x0000000010000000                . = ALIGN (0x4)

.bss            0x0000000020000058       0x1c
                0x0000000020000058                _sbss = .
                0x0000000020000058                __bss_start__ = _sbss
 *(.bss)
 .bss           0x0000000020000058       0x1c /home/fernando/bin/st/stm32cubeide_1.13.1/plugins/com.st.stm32cube.ide.mcu.externaltools.gnu-tools-for-stm32.11.3.rel1.linux64_1.1.0.202305231506/tools/bin/../lib/gcc/arm-none-eabi/11.3.1/thumb/v7e-m/nofp/crtbegin.o
 *(.bss*)
 *(COMMON)
                0x0000000020000074                . = ALIGN (0x4)
                0x0000000020000074                _ebss = .
                0x0000000020000074                __bss_end__ = _ebss

._user_heap_stack
                0x0000000020000074      0x604
                0x0000000020000078                . = ALIGN (0x8)
 *fill*         0x0000000020000074        0x4 
                [!provide]                        PROVIDE (end = .)
                0x0000000020000078                PROVIDE (_end = .)
                0x0000000020000278                . = (. + _Min_Heap_Size)
 *fill*         0x0000000020000078      0x200 
                0x0000000020000678                . = (. + _Min_Stack_Size)
 *fill*         0x0000000020000278      0x400 
                0x0000000020000678                . = ALIGN (0x8)

/DISCARD/
 libc.a(*)
 libm.a(*)
 libgcc.a(*)

.ARM.attributes
                0x0000000000000000       0x2a
 *(.ARM.attributes)
 .ARM.attributes
                0x0000000000000000       0x1e /home/fernando/bin/st/stm32cubeide_1.13.1/plugins/com.st.stm32cube.ide.mcu.externaltools.gnu-tools-for-stm32.11.3.rel1.linux64_1.1.0.202305231506/tools/bin/../lib/gcc/arm-none-eabi/11.3.1/thumb/v7e-m/nofp/crti.o
 .ARM.attributes
                0x000000000000001e       0x2e /home/fernando/bin/st/stm32cubeide_1.13.1/plugins/com.st.stm32cube.ide.mcu.externaltools.gnu-tools-for-stm32.11.3.rel1.linux64_1.1.0.202305231506/tools/bin/../lib/gcc/arm-none-eabi/11.3.1/thumb/v7e-m/nofp/crtbegin.o
 .ARM.attributes
                0x000000000000004c       0x2e ./Src/bsp_lcd.o
 .ARM.attributes
                0x000000000000007a       0x2e ./Src/main.o
 .ARM.attributes
                0x00000000000000a8       0x21 ./Startup/startup_stm32f429zitx.o
 .ARM.attributes
                0x00000000000000c9       0x2e /home/fernando/bin/st/stm32cubeide_1.13.1/plugins/com.st.stm32cube.ide.mcu.externaltools.gnu-tools-for-stm32.11.3.rel1.linux64_1.1.0.202305231506/tools/bin/../lib/gcc/arm-none-eabi/11.3.1/../../../../arm-none-eabi/lib/thumb/v7e-m/nofp/libc_nano.a(libc_a-init.o)
 .ARM.attributes
                0x00000000000000f7       0x1e /home/fernando/bin/st/stm32cubeide_1.13.1/plugins/com.st.stm32cube.ide.mcu.externaltools.gnu-tools-for-stm32.11.3.rel1.linux64_1.1.0.202305231506/tools/bin/../lib/gcc/arm-none-eabi/11.3.1/thumb/v7e-m/nofp/crtn.o
OUTPUT(renergia.elf elf32-littlearm)
LOAD linker stubs
LOAD /home/fernando/bin/st/stm32cubeide_1.13.1/plugins/com.st.stm32cube.ide.mcu.externaltools.gnu-tools-for-stm32.11.3.rel1.linux64_1.1.0.202305231506/tools/bin/../lib/gcc/arm-none-eabi/11.3.1/../../../../arm-none-eabi/lib/thumb/v7e-m/nofp/libc.a
LOAD /home/fernando/bin/st/stm32cubeide_1.13.1/plugins/com.st.stm32cube.ide.mcu.externaltools.gnu-tools-for-stm32.11.3.rel1.linux64_1.1.0.202305231506/tools/bin/../lib/gcc/arm-none-eabi/11.3.1/../../../../arm-none-eabi/lib/thumb/v7e-m/nofp/libm.a
LOAD /home/fernando/bin/st/stm32cubeide_1.13.1/plugins/com.st.stm32cube.ide.mcu.externaltools.gnu-tools-for-stm32.11.3.rel1.linux64_1.1.0.202305231506/tools/bin/../lib/gcc/arm-none-eabi/11.3.1/thumb/v7e-m/nofp/libgcc.a

.comment        0x0000000000000000       0x43
 .comment       0x0000000000000000       0x43 /home/fernando/bin/st/stm32cubeide_1.13.1/plugins/com.st.stm32cube.ide.mcu.externaltools.gnu-tools-for-stm32.11.3.rel1.linux64_1.1.0.202305231506/tools/bin/../lib/gcc/arm-none-eabi/11.3.1/thumb/v7e-m/nofp/crtbegin.o
                                         0x44 (size before relaxing)
 .comment       0x0000000000000043       0x44 ./Src/bsp_lcd.o
 .comment       0x0000000000000043       0x44 ./Src/main.o

.debug_info     0x0000000000000000      0x928
 .debug_info    0x0000000000000000      0x5d0 ./Src/bsp_lcd.o
 .debug_info    0x00000000000005d0      0x335 ./Src/main.o
 .debug_info    0x0000000000000905       0x23 ./Startup/startup_stm32f429zitx.o

.debug_abbrev   0x0000000000000000      0x275
 .debug_abbrev  0x0000000000000000      0x14d ./Src/bsp_lcd.o
 .debug_abbrev  0x000000000000014d      0x116 ./Src/main.o
 .debug_abbrev  0x0000000000000263       0x12 ./Startup/startup_stm32f429zitx.o

.debug_aranges  0x0000000000000000       0x90
 .debug_aranges
                0x0000000000000000       0x40 ./Src/bsp_lcd.o
 .debug_aranges
                0x0000000000000040       0x28 ./Src/main.o
 .debug_aranges
                0x0000000000000068       0x28 ./Startup/startup_stm32f429zitx.o

.debug_rnglists
                0x0000000000000000       0x62
 .debug_rnglists
                0x0000000000000000       0x2f ./Src/bsp_lcd.o
 .debug_rnglists
                0x000000000000002f       0x1a ./Src/main.o
 .debug_rnglists
                0x0000000000000049       0x19 ./Startup/startup_stm32f429zitx.o

.debug_macro    0x0000000000000000    0x3229f
 .debug_macro   0x0000000000000000      0x1e2 ./Src/bsp_lcd.o
 .debug_macro   0x00000000000001e2      0xaa8 ./Src/bsp_lcd.o
 .debug_macro   0x0000000000000c8a       0x4c ./Src/bsp_lcd.o
 .debug_macro   0x0000000000000cd6       0x22 ./Src/bsp_lcd.o
 .debug_macro   0x0000000000000cf8       0x8e ./Src/bsp_lcd.o
 .debug_macro   0x0000000000000d86       0x51 ./Src/bsp_lcd.o
 .debug_macro   0x0000000000000dd7      0x103 ./Src/bsp_lcd.o
 .debug_macro   0x0000000000000eda       0x6a ./Src/bsp_lcd.o
 .debug_macro   0x0000000000000f44      0x1df ./Src/bsp_lcd.o
 .debug_macro   0x0000000000001123    0x17fc7 ./Src/bsp_lcd.o
 .debug_macro   0x00000000000190ea      0x19c ./Src/bsp_lcd.o
 .debug_macro   0x0000000000019286       0x61 ./Src/bsp_lcd.o
 .debug_macro   0x00000000000192e7       0x24 ./Src/bsp_lcd.o
 .debug_macro   0x000000000001930b       0x43 ./Src/bsp_lcd.o
 .debug_macro   0x000000000001934e       0x34 ./Src/bsp_lcd.o
 .debug_macro   0x0000000000019382       0x10 ./Src/bsp_lcd.o
 .debug_macro   0x0000000000019392       0xcf ./Src/bsp_lcd.o
 .debug_macro   0x0000000000019461      0x369 ./Src/bsp_lcd.o
 .debug_macro   0x00000000000197ca       0x10 ./Src/bsp_lcd.o
 .debug_macro   0x00000000000197da       0x16 ./Src/bsp_lcd.o
 .debug_macro   0x00000000000197f0       0x20 ./Src/bsp_lcd.o
 .debug_macro   0x0000000000019810       0x34 ./Src/bsp_lcd.o
 .debug_macro   0x0000000000019844       0x1c ./Src/bsp_lcd.o
 .debug_macro   0x0000000000019860       0x52 ./Src/bsp_lcd.o
 .debug_macro   0x00000000000198b2       0x22 ./Src/bsp_lcd.o
 .debug_macro   0x00000000000198d4       0x10 ./Src/bsp_lcd.o
 .debug_macro   0x00000000000198e4       0x52 ./Src/bsp_lcd.o
 .debug_macro   0x0000000000019936       0xcf ./Src/bsp_lcd.o
 .debug_macro   0x0000000000019a05       0x1c ./Src/bsp_lcd.o
 .debug_macro   0x0000000000019a21       0x3d ./Src/bsp_lcd.o
 .debug_macro   0x0000000000019a5e       0xbe ./Src/bsp_lcd.o
 .debug_macro   0x0000000000019b1c      0x51a ./Src/bsp_lcd.o
 .debug_macro   0x000000000001a036       0x3a ./Src/bsp_lcd.o
 .debug_macro   0x000000000001a070       0x7e ./Src/main.o
 .debug_macro   0x000000000001a0ee    0x1800f ./Src/main.o
 .debug_macro   0x00000000000320fd      0x1a2 ./Src/main.o

.debug_line     0x0000000000000000      0xafb
 .debug_line    0x0000000000000000      0x64e ./Src/bsp_lcd.o
 .debug_line    0x000000000000064e      0x432 ./Src/main.o
 .debug_line    0x0000000000000a80       0x7b ./Startup/startup_stm32f429zitx.o

.debug_str      0x0000000000000000    0x8fe0b
 .debug_str     0x0000000000000000    0x8fd30 ./Src/bsp_lcd.o
                                      0x8ff29 (size before relaxing)
 .debug_str     0x000000000008fd30       0x59 ./Src/main.o
                                      0x8c79f (size before relaxing)
 .debug_str     0x000000000008fd89       0x82 ./Startup/startup_stm32f429zitx.o

.debug_frame    0x0000000000000000      0x14c
 .debug_frame   0x0000000000000000       0xcc ./Src/bsp_lcd.o
 .debug_frame   0x00000000000000cc       0x54 ./Src/main.o
 .debug_frame   0x0000000000000120       0x2c /home/fernando/bin/st/stm32cubeide_1.13.1/plugins/com.st.stm32cube.ide.mcu.externaltools.gnu-tools-for-stm32.11.3.rel1.linux64_1.1.0.202305231506/tools/bin/../lib/gcc/arm-none-eabi/11.3.1/../../../../arm-none-eabi/lib/thumb/v7e-m/nofp/libc_nano.a(libc_a-init.o)

.debug_line_str
                0x0000000000000000       0x76
 .debug_line_str
                0x0000000000000000       0x76 ./Startup/startup_stm32f429zitx.o
                                         0x8e (size before relaxing)
